[qa] RUN syntax
[qa] RUN workflow-yaml
[qa] RUN version
[qa] RUN product-charter
[qa] PASS product-charter (223ms)
[qa] RUN architecture
[qa] PASS version (312ms)
[qa] RUN native-decision
[qa] PASS native-decision (188ms)
[qa] RUN vertical-slice
[qa] PASS vertical-slice (228ms)
[qa] RUN capability-claims
[qa] PASS capability-claims (224ms)
[qa] RUN operations-contract
[qa] PASS architecture (902ms)
[qa] RUN reference-curriculum
[qa] PASS operations-contract (268ms)
[qa] RUN generated-state
[qa] PASS reference-curriculum (209ms)
[qa] RUN workspace-contract
[qa] PASS workflow-yaml (1572ms)
[qa] RUN qa-runner-behavior
[qa] PASS generated-state (670ms)
[qa] PASS syntax (8302ms)
[qa] PASS workspace-contract (5401ms)
[qa] PASS qa-runner-behavior (25231ms)
[qa] RUN market-session
[qa] RUN decomposition
[qa] RUN baseline
[qa] RUN esm-core
[qa] PASS market-session (133ms)
[qa] RUN artifact-cache
[qa] PASS baseline (131ms)
[qa] RUN headless-group-lifecycle
[qa] PASS decomposition (166ms)
[qa] RUN service-worker-cache-policy
[qa] PASS headless-group-lifecycle (113ms)
[qa] RUN ai-intelligence
[qa] PASS service-worker-cache-policy (115ms)
[qa] RUN domain-parity
[qa] PASS artifact-cache (232ms)
[qa] RUN research-model
[qa] PASS esm-core (377ms)
[qa] RUN research-flow
[qa] PASS domain-parity (171ms)
[qa] RUN proxy-continuity
[qa] PASS research-model (164ms)
[qa] RUN data-continuity
[qa] PASS research-flow (207ms)
[qa] RUN desktop-continuity
[qa] PASS ai-intelligence (398ms)
[qa] RUN chat-resilience
[qa] PASS proxy-continuity (250ms)
[qa] RUN storage-migration
[qa] PASS storage-migration (134ms)
[qa] RUN release-manifest
[qa] PASS chat-resilience (234ms)
[qa] RUN deployment-convergence
[qa] PASS desktop-continuity (294ms)
[qa] RUN retirement
[qa] PASS release-manifest (135ms)
[qa] RUN inference
[qa] PASS deployment-convergence (130ms)
[qa] RUN csp
[qa] PASS inference (141ms)
[qa] RUN structural
[qa] PASS retirement (237ms)
[qa] RUN default-ux
[qa] PASS data-continuity (659ms)
[qa] RUN desktop-scope
[qa] PASS csp (190ms)
[qa] RUN runtime
[qa] PASS desktop-scope (159ms)
[qa] RUN ai-chat-reliability
[qa] PASS default-ux (208ms)
[qa] RUN data-pipeline
[qa] PASS structural (353ms)
[qa] RUN page-timeline
[qa] PASS ai-chat-reliability (188ms)
[qa] RUN semantic-review
[qa] PASS page-timeline (143ms)
[qa] RUN screener-workbench
[qa] PASS semantic-review (162ms)
[qa] RUN screener-benchmark
[qa] PASS data-pipeline (484ms)
[qa] RUN market-snapshot
[qa] PASS runtime (641ms)
[qa] RUN history-time
[qa] PASS screener-workbench (244ms)
[qa] RUN data-plane
[qa] PASS market-snapshot (161ms)
[qa] RUN operations-status
[qa] PASS history-time (184ms)
[qa] RUN operations-slo
[qa] PASS data-plane (185ms)
[qa] RUN human-validation
[qa] PASS operations-status (141ms)
[qa] RUN reconciliation
[qa] PASS operations-slo (130ms)
[qa] RUN source-registry
[qa] PASS screener-benchmark (511ms)
[qa] RUN professional-gap
[qa] PASS human-validation (151ms)
[qa] RUN operator-readiness
[qa] PASS reconciliation (169ms)
[qa] RUN data-lineage
[qa] PASS source-registry (162ms)
[qa] RUN sec-runtime-projection
[qa] PASS operator-readiness (146ms)
[qa] RUN static-data
[qa] PASS professional-gap (403ms)
[qa] RUN data-refresh
[qa] PASS static-data (347ms)
[qa] RUN refresh-integrity
[qa] PASS data-refresh (197ms)
[qa] RUN release-revision
[qa] PASS refresh-integrity (257ms)
[qa] RUN release-generated-parity
[qa] PASS release-revision (229ms)
[qa] RUN 13f-currentness
[qa] PASS 13f-currentness (157ms)
[qa] RUN knowledge-lint
[qa] PASS release-generated-parity (299ms)
[qa] RUN workflow-compaction
[qa] PASS sec-runtime-projection (948ms)
[qa] RUN skill-contract
[qa] PASS skill-contract (168ms)
[qa] RUN skill-evals
[qa] PASS workflow-compaction (240ms)
[qa] RUN agent-profiles
[qa] PASS skill-evals (130ms)
[qa] RUN agent-skills
[qa] PASS agent-profiles (126ms)
[qa] RUN live-header-policy
[qa] PASS knowledge-lint (484ms)
[qa] RUN doc-currency
[qa] PASS agent-skills (152ms)
[qa] RUN qa-pipeline-contract
[qa] PASS live-header-policy (121ms)
[qa] PASS doc-currency (112ms)
[qa] PASS qa-pipeline-contract (134ms)
[qa] PASS data-lineage (3041ms)
[qa] RUN headless
[qa] RUN browser-ai-public
[qa] PASS browser-ai-public (2425ms)
[qa] RUN browser-market-epoch
[qa] [qa-progress] headless shard=1/1 group=G001 1/109
[qa] [qa-progress] headless shard=1/1 group=G002 2/109
[qa] [qa-progress] headless shard=1/1 group=G003 3/109
[qa] [qa-progress] headless shard=1/1 group=G004 4/109
[qa] [qa-progress] headless shard=1/1 group=G005 5/109
[qa] [qa-progress] headless shard=1/1 group=G006 6/109
[qa] [qa-progress] headless shard=1/1 group=G007 7/109
[qa] [qa-progress] headless shard=1/1 group=G008 8/109
[qa] [qa-progress] headless shard=1/1 group=G009 9/109
[qa] [qa-progress] headless shard=1/1 group=G010 10/109
[qa] [qa-progress] headless shard=1/1 group=G011 11/109
[qa] [qa-progress] headless shard=1/1 group=G012 12/109
[qa] [qa-progress] headless shard=1/1 group=G013 13/109
[qa] [qa-progress] headless shard=1/1 group=G014 14/109
[qa] [qa-progress] headless shard=1/1 group=G015 15/109
[qa] [qa-progress] headless shard=1/1 group=G016 16/109
[qa] [qa-progress] headless shard=1/1 group=G017 17/109
[qa] [qa-progress] headless shard=1/1 group=G018 18/109
[qa] [qa-progress] headless shard=1/1 group=G019 19/109
[qa] [qa-progress] headless shard=1/1 group=G020 20/109
[qa] [qa-progress] headless shard=1/1 group=G021 21/109
[qa] [qa-progress] headless shard=1/1 group=G022 22/109
[qa] [qa-progress] headless shard=1/1 group=G023 23/109
[qa] [qa-progress] headless shard=1/1 group=G024 24/109
[qa] [qa-progress] headless group=G024 step=T147-governance-audit-start
[qa] [qa-progress] headless group=G024 step=T148-full-badges-start
[qa] [qa-progress] headless group=G024 step=T148-full-badges-done
[qa] [qa-progress] headless group=G024 step=T149-scheduler-start
[qa] [qa-progress] headless shard=1/1 group=G025 25/109
[qa] [qa-progress] headless shard=1/1 group=G026 26/109
[qa] [qa-progress] headless shard=1/1 group=G027 27/109
[qa] [qa-progress] headless shard=1/1 group=G028 28/109
[qa] [qa-progress] headless shard=1/1 group=G029 29/109
[qa] [qa-progress] headless shard=1/1 group=G030 30/109
[qa] [qa-progress] headless shard=1/1 group=G031 31/109
[qa] [qa-progress] headless shard=1/1 group=G032 32/109
[qa] [qa-progress] headless shard=1/1 group=G033 33/109
[qa] [qa-progress] headless shard=1/1 group=G034 34/109
[qa] [qa-progress] headless shard=1/1 group=G035 35/109
[qa] [qa-progress] headless shard=1/1 group=G036 36/109
[qa] [qa-progress] headless shard=1/1 group=G037 37/109
[qa] [qa-progress] headless shard=1/1 group=G038 38/109
[qa] [qa-progress] headless shard=1/1 group=G039 39/109
[qa] [qa-progress] headless selection=shard=1/1 elapsed=15s
[qa] [qa-progress] headless shard=1/1 group=G040 40/109
[qa] [qa-progress] headless shard=1/1 group=G041 41/109
[qa] [qa-progress] headless shard=1/1 group=G042 42/109
[qa] [qa-progress] headless shard=1/1 group=G043 43/109
[qa] [qa-progress] headless shard=1/1 group=G044 44/109
[qa] [qa-progress] headless shard=1/1 group=G045 45/109
[qa] [qa-progress] headless shard=1/1 group=G046 46/109
[qa] [qa-progress] headless shard=1/1 group=G047 47/109
[qa] [qa-progress] headless shard=1/1 group=G048 48/109
[qa] [qa-progress] headless shard=1/1 group=G049 49/109
[qa] [qa-progress] headless shard=1/1 group=G050 50/109
[qa] [qa-progress] headless shard=1/1 group=G051 51/109
[qa] [qa-progress] headless shard=1/1 group=G052 52/109
[qa] [qa-progress] headless shard=1/1 group=G053 53/109
[qa] [qa-progress] headless shard=1/1 group=G054 54/109
[qa] [qa-progress] headless shard=1/1 group=G055 55/109
[qa] [qa-progress] headless shard=1/1 group=G056 56/109
[qa] [qa-progress] headless shard=1/1 group=G057 57/109
[qa] [qa-progress] headless shard=1/1 group=G058 58/109
[qa] [qa-progress] headless shard=1/1 group=G059 59/109
[qa] [qa-progress] headless shard=1/1 group=G060 60/109
[qa] [qa-progress] headless shard=1/1 group=G061 61/109
[qa] PASS browser-market-epoch (28439ms)
[qa] RUN browser-screener-refresh
[qa] [qa-progress] headless selection=shard=1/1 elapsed=30s
[qa] [qa-progress] headless shard=1/1 group=G062 62/109
[qa] [qa-progress] headless shard=1/1 group=G063 63/109
[qa] [qa-progress] headless shard=1/1 group=G064 64/109
[qa] [qa-progress] headless shard=1/1 group=G065 65/109
[qa] [qa-progress] headless shard=1/1 group=G066 66/109
[qa] [qa-progress] headless shard=1/1 group=G067 67/109
[qa] [qa-progress] headless shard=1/1 group=G068 68/109
[qa] [qa-progress] headless shard=1/1 group=G069 69/109
[qa] [qa-progress] headless shard=1/1 group=G070 70/109
[qa] [qa-progress] headless shard=1/1 group=G071 71/109
[qa] [qa-progress] headless shard=1/1 group=G072 72/109
[qa] [qa-progress] headless shard=1/1 group=G073 73/109
[qa] [qa-progress] headless selection=shard=1/1 elapsed=45s
[qa] [qa-progress] headless shard=1/1 group=G074 74/109
[qa] [qa-progress] headless shard=1/1 group=G075 75/109
[qa] [qa-progress] headless shard=1/1 group=G076 76/109
[qa] [qa-progress] headless shard=1/1 group=G077 77/109
[qa] [qa-progress] headless shard=1/1 group=G078 78/109
[qa] [qa-progress] headless shard=1/1 group=G079 79/109
[qa] [qa-progress] headless selection=shard=1/1 elapsed=60s
[qa] [qa-progress] headless shard=1/1 group=G080 80/109
[qa] PASS browser-screener-refresh (35092ms)
[qa] [qa-progress] headless shard=1/1 group=G081 81/109
[qa] [qa-progress] headless shard=1/1 group=G082 82/109
[qa] [qa-progress] headless shard=1/1 group=G083 83/109
[qa] [qa-progress] headless shard=1/1 group=G084 84/109
[qa] [qa-progress] headless shard=1/1 group=G085 85/109
[qa] [qa-progress] headless shard=1/1 group=G086 86/109
[qa] [qa-progress] headless shard=1/1 group=G087 87/109
[qa] [qa-progress] headless shard=1/1 group=G088 88/109
[qa] [qa-progress] headless shard=1/1 group=G089 89/109
[qa] [qa-progress] headless shard=1/1 group=G090 90/109
[qa] [qa-progress] headless shard=1/1 group=G091 91/109
[qa] [qa-progress] headless shard=1/1 group=G092 92/109
[qa] [qa-progress] headless shard=1/1 group=G093 93/109
[qa] [qa-progress] headless shard=1/1 group=G094 94/109
[qa] [qa-progress] headless shard=1/1 group=G095 95/109
[qa] [qa-progress] headless shard=1/1 group=G096 96/109
[qa] [qa-progress] headless shard=1/1 group=G097 97/109
[qa] [qa-progress] headless shard=1/1 group=G098 98/109
[qa] [qa-progress] headless shard=1/1 group=G099 99/109
[qa] [qa-progress] headless shard=1/1 group=G100 100/109
[qa] [qa-progress] headless shard=1/1 group=G101 101/109
[qa] [qa-progress] headless shard=1/1 group=G102 102/109
[qa] [qa-progress] headless shard=1/1 group=G103 103/109
[qa] [qa-progress] headless shard=1/1 group=G104 104/109
[qa] [qa-progress] headless shard=1/1 group=G105 105/109
[qa] [qa-progress] headless shard=1/1 group=G106 106/109
[qa] [qa-progress] headless shard=1/1 group=G107 107/109
[qa] [qa-progress] headless shard=1/1 group=G108 108/109
[qa] [qa-progress] headless shard=1/1 group=G109 109/109
[qa] PASS headless (77622ms)
[qa] RUN browser-boot
[qa] FAIL browser-boot (21789ms)
[qa] RUN browser-architecture
    "total long task 2357 > 1000"
  ],
  "metrics": {
    "fcpMs": 3916,
    "dclMs": 527,
    "loadMs": 530,
    "maxLongTaskMs": 2080,
    "totalLongTaskMs": 2357,
    "longTaskCount": 4,
    "longTaskObservationWindowMs": 2000,
    "domNodes": 6698,
    "activeRouteDomNodes": 811,
    "activePage": "page-signal",
    "bootStatusPresent": false,
    "routeMs": 1422,
    "wallMs": 11950,
    "totalExternalRequests": 128,
    "quoteRequests": 31,
    "initialExternalRequests": 12,
    "initialQuoteRequests": 0,
    "bootObservationWindowMs": 2000,
    "delayedPrimaryChart": {
      "passed": true,
      "secondaryRequests": 0,
      "chartName": "DelayedPrimaryChart",
      "localFallback": false
    }
  }
}

[qa] RUN browser-vertical
[qa] PASS browser-vertical (22525ms)
[qa] RUN browser-route-soak
[qa] PASS browser-architecture (88447ms)
[qa] RUN browser-sa02
[qa] PASS browser-route-soak (87643ms)
[qa] RUN browser-sa03
[qa] PASS browser-sa02 (23147ms)
[qa] PASS browser-sa03 (2426ms)
[qa] RUN browser-sa04
[qa] PASS browser-sa04 (11188ms)
[qa] RUN browser-viewport
[qa] RUN browser-critical
[qa] PASS browser-critical (25285ms)
[qa] RUN browser-vault
[qa] PASS browser-vault (20168ms)
[qa] RUN browser-a11y
[qa] PASS browser-a11y (35121ms)
[qa] PASS browser-viewport (111425ms)
[qa] SUMMARY profile=affected groups=preflight,core,data,workspace,browser-unit,browser-runtime,browser-resilience,browser-viewport,browser-surface pass=85 cached=0 fail=1 skip=0 duration=368.7s
[qa] REPORT C:\Projects\AIO\.cache\aio-qa\last-run.json
